// Jest Snapshot v1, https://goo.gl/fbAQLP

exports[`Display tests default renderer 1`] = `
<ForwardRef(WithStyles)
  onClose={[Function]}
  onSubmit={[Function]}
  open={true}
  title={
    <FormattedMessage
      defaultMessage="Display"
      id="cboard.components.Settings.Display.display"
      values={Object {}}
    />
  }
>
  <ForwardRef(WithStyles)
    className="Display"
  >
    <ForwardRef(WithStyles)>
      <ForwardRef(WithStyles)>
        <ForwardRef(WithStyles)
          className="Display__ListItemText"
          primary={
            <FormattedMessage
              defaultMessage="UI Size"
              id="cboard.components.Settings.Display.uiSize"
              values={Object {}}
            />
          }
          secondary={
            <FormattedMessage
              defaultMessage="Elements size"
              id="cboard.components.Settings.Display.uiSizeSecondary"
              values={Object {}}
            />
          }
        />
        <ForwardRef(WithStyles)
          className="Display__Options"
        >
          <ForwardRef(WithStyles)>
            <ForwardRef(WithStyles)
              aria-label={
                Object {
                  "defaultMessage": "UI Size",
                  "id": "cboard.components.Settings.Display.uiSize",
                }
              }
              id="uiSize"
              name="uiSize"
              onChange={[Function]}
              value="Standard"
            >
              <ForwardRef(WithStyles)
                value="Standard"
              >
                Object {
                  "defaultMessage": "Standard",
                  "id": "cboard.components.Settings.Display.StandardSize",
                }
              </ForwardRef(WithStyles)>
              <ForwardRef(WithStyles)
                value="Large"
              >
                Object {
                  "defaultMessage": "Large",
                  "id": "cboard.components.Settings.Display.LargeSize",
                }
              </ForwardRef(WithStyles)>
              <ForwardRef(WithStyles)
                value="ExtraLarge"
              />
            </ForwardRef(WithStyles)>
          </ForwardRef(WithStyles)>
        </ForwardRef(WithStyles)>
      </ForwardRef(WithStyles)>
      <ForwardRef(WithStyles) />
      <ForwardRef(WithStyles)>
        <ForwardRef(WithStyles)
          className="Display__ListItemText"
          primary={
            <FormattedMessage
              defaultMessage="Font Size"
              id="cboard.components.Settings.Display.fontSize"
              values={Object {}}
            />
          }
          secondary={
            <FormattedMessage
              defaultMessage="App font size"
              id="cboard.components.Settings.Display.fontSizeSecondary"
              values={Object {}}
            />
          }
        />
        <ForwardRef(WithStyles)
          className="Display__Options"
        >
          <ForwardRef(WithStyles)>
            <ForwardRef(WithStyles)
              aria-label={
                Object {
                  "defaultMessage": "Font Size",
                  "id": "cboard.components.Settings.Display.fontSize",
                }
              }
              id="fontSize"
              name="fontSize"
              onChange={[Function]}
              value="Standard"
            >
              <ForwardRef(WithStyles)
                value="Standard"
              >
                Object {
                  "defaultMessage": "Standard",
                  "id": "cboard.components.Settings.Display.StandardSize",
                }
              </ForwardRef(WithStyles)>
              <ForwardRef(WithStyles)
                value="Large"
              >
                Object {
                  "defaultMessage": "Large",
                  "id": "cboard.components.Settings.Display.LargeSize",
                }
              </ForwardRef(WithStyles)>
              <ForwardRef(WithStyles)
                value="ExtraLarge"
              />
            </ForwardRef(WithStyles)>
          </ForwardRef(WithStyles)>
        </ForwardRef(WithStyles)>
      </ForwardRef(WithStyles)>
      <ForwardRef(WithStyles) />
      <ForwardRef(WithStyles)>
        <ForwardRef(WithStyles)
          className="Display__ListItemText"
          primary={
            <FormattedMessage
              values={Object {}}
            />
          }
          secondary={
            <FormattedMessage
              values={Object {}}
            />
          }
        />
        <ForwardRef(WithStyles)>
          <ForwardRef(WithStyles)
            color="secondary"
            onChange={[Function]}
            value="active"
          />
        </ForwardRef(WithStyles)>
      </ForwardRef(WithStyles)>
      <ForwardRef(WithStyles) />
      <ForwardRef(WithStyles)>
        <ForwardRef(WithStyles)
          className="Display__ListItemText"
          primary={
            <FormattedMessage
              values={Object {}}
            />
          }
          secondary={
            <FormattedMessage
              values={Object {}}
            />
          }
        />
        <ForwardRef(WithStyles)
          className="Display__Options"
        >
          <ForwardRef(WithStyles)>
            <ForwardRef(WithStyles)
              id="labelPosition"
              name="labelPosition"
              onChange={[Function]}
            >
              <ForwardRef(WithStyles)
                value="Above"
              />
              <ForwardRef(WithStyles)
                value="Below"
              />
              <ForwardRef(WithStyles)
                value="Hidden"
              />
            </ForwardRef(WithStyles)>
          </ForwardRef(WithStyles)>
        </ForwardRef(WithStyles)>
      </ForwardRef(WithStyles)>
      <ForwardRef(WithStyles) />
      <ForwardRef(WithStyles)>
        <ForwardRef(WithStyles)
          className="Display__ListItemText"
          primary={
            <FormattedMessage
              values={Object {}}
            />
          }
          secondary={
            <FormattedMessage
              values={Object {}}
            />
          }
        />
        <ForwardRef(WithStyles)
          className="Display__Options"
        >
          <ForwardRef(WithStyles)
            color="secondary"
            onChange={[Function]}
            value="active"
          />
        </ForwardRef(WithStyles)>
      </ForwardRef(WithStyles)>
    </ForwardRef(WithStyles)>
  </ForwardRef(WithStyles)>
</ForwardRef(WithStyles)>
`;
