// Jest Snapshot v1, https://goo.gl/fbAQLP

exports[`Language tests matches snapshot 1`] = `ShallowWrapper {}`;
