// Jest Snapshot v1, https://goo.gl/fbAQLP

exports[`Settings component tests renders  1`] = `ShallowWrapper {}`;
