// Jest Snapshot v1, https://goo.gl/fbAQLP

exports[`App component tests Matches Snapshot 1`] = `ShallowWrapper {}`;
